com.mercadolivro.controller.PurchaseControllerTest.it purchases a book=[
{"id":1,"customerId":1,"bookIds":[1,2],"price":0.05,"createdAt":"2022-03-05T18:26:16"}
]